// Jest Snapshot v1, https://goo.gl/fbAQLP

exports[`Backend should retrieve parallel find queries with EntityDataLoader 1`] = `
Array [
  Array [
    Object {
      "declaredLevel": 1,
      "id": 5,
      "sport": 1,
      "user": 7,
    },
    Object {
      "declaredLevel": 1,
      "id": 7,
      "sport": 2,
      "user": 2,
    },
    Object {
      "declaredLevel": 1,
      "id": 11,
      "sport": 1,
      "user": 8,
    },
    Object {
      "declaredLevel": 1,
      "id": 12,
      "sport": 2,
      "user": 10,
    },
  ],
  Array [
    Object {
      "declaredLevel": 3,
      "id": 2,
      "sport": 1,
      "user": 2,
    },
  ],
  Array [
    Object {
      "declaredLevel": 4,
      "id": 4,
      "sport": 1,
      "user": 6,
    },
  ],
  Array [
    Object {
      "declaredLevel": 5,
      "id": 1,
      "sport": 1,
      "user": 1,
    },
    Object {
      "declaredLevel": 5,
      "id": 8,
      "sport": 2,
      "user": 3,
    },
  ],
  Array [],
]
`;

exports[`Backend should retrieve parallel find queries with conditions on collection fields with EntityDataLoader 1`] = `
Array [
  Array [
    Object {
      "email": "niccolo.belli@linuxsystems.it",
      "id": 1,
      "name": "Niccolò",
      "partecipatedMatches": Array [
        Object {
          "creator": 1,
          "date": 2020-03-12T18:00:00.000Z,
          "id": 1,
          "site": 1,
          "specialty": 1,
        },
        Object {
          "creator": 1,
          "date": 2020-05-20T16:30:00.000Z,
          "id": 2,
          "site": 1,
          "specialty": 3,
        },
        Object {
          "creator": 1,
          "date": 2020-03-15T18:00:00.000Z,
          "id": 3,
          "site": 1,
          "specialty": 1,
        },
      ],
      "password": "1111",
      "picture": null,
      "sex": 0,
      "surname": "Belli",
    },
    Object {
      "email": "mario.rossi@linuxsystems.it",
      "id": 2,
      "name": "Mario",
      "partecipatedMatches": Array [
        Object {
          "creator": 1,
          "date": 2020-03-12T18:00:00.000Z,
          "id": 1,
          "site": 1,
          "specialty": 1,
        },
        Object {
          "creator": 1,
          "date": 2020-03-15T18:00:00.000Z,
          "id": 3,
          "site": 1,
          "specialty": 1,
        },
      ],
      "password": "2222",
      "picture": null,
      "sex": 0,
      "surname": "Rossi",
    },
    Object {
      "email": "mattia.ferrari@linuxsystems.it",
      "id": 4,
      "name": "Mattia",
      "partecipatedMatches": Array [
        Object {
          "creator": 1,
          "date": 2020-03-12T18:00:00.000Z,
          "id": 1,
          "site": 1,
          "specialty": 1,
        },
        Object {
          "creator": 1,
          "date": 2020-05-20T16:30:00.000Z,
          "id": 2,
          "site": 1,
          "specialty": 3,
        },
        Object {
          "creator": 10,
          "date": 2020-05-19T14:00:00.000Z,
          "id": 4,
          "site": 2,
          "specialty": 3,
        },
        Object {
          "creator": 1,
          "date": 2020-03-15T18:00:00.000Z,
          "id": 3,
          "site": 1,
          "specialty": 1,
        },
      ],
      "password": "4444",
      "picture": null,
      "sex": 0,
      "surname": "Ferrari",
    },
    Object {
      "email": "filippo.magi@linuxsystems.it",
      "id": 6,
      "name": "Filippo",
      "partecipatedMatches": Array [
        Object {
          "creator": 1,
          "date": 2020-03-12T18:00:00.000Z,
          "id": 1,
          "site": 1,
          "specialty": 1,
        },
        Object {
          "creator": 10,
          "date": 2020-05-19T14:00:00.000Z,
          "id": 4,
          "site": 2,
          "specialty": 3,
        },
      ],
      "password": "6666",
      "picture": null,
      "sex": 0,
      "surname": "Magi",
    },
  ],
  Array [
    Object {
      "email": "niccolo.belli@linuxsystems.it",
      "id": 1,
      "name": "Niccolò",
      "partecipatedMatches": Array [
        Object {
          "creator": 1,
          "date": 2020-03-12T18:00:00.000Z,
          "id": 1,
          "site": 1,
          "specialty": 1,
        },
        Object {
          "creator": 1,
          "date": 2020-05-20T16:30:00.000Z,
          "id": 2,
          "site": 1,
          "specialty": 3,
        },
        Object {
          "creator": 1,
          "date": 2020-03-15T18:00:00.000Z,
          "id": 3,
          "site": 1,
          "specialty": 1,
        },
      ],
      "password": "1111",
      "picture": null,
      "sex": 0,
      "surname": "Belli",
    },
    Object {
      "email": "mattia.ferrari@linuxsystems.it",
      "id": 4,
      "name": "Mattia",
      "partecipatedMatches": Array [
        Object {
          "creator": 1,
          "date": 2020-03-12T18:00:00.000Z,
          "id": 1,
          "site": 1,
          "specialty": 1,
        },
        Object {
          "creator": 1,
          "date": 2020-05-20T16:30:00.000Z,
          "id": 2,
          "site": 1,
          "specialty": 3,
        },
        Object {
          "creator": 10,
          "date": 2020-05-19T14:00:00.000Z,
          "id": 4,
          "site": 2,
          "specialty": 3,
        },
        Object {
          "creator": 1,
          "date": 2020-03-15T18:00:00.000Z,
          "id": 3,
          "site": 1,
          "specialty": 1,
        },
      ],
      "password": "4444",
      "picture": null,
      "sex": 0,
      "surname": "Ferrari",
    },
    Object {
      "email": "sara.ricci@linuxsystems.it",
      "id": 7,
      "name": "Sara",
      "partecipatedMatches": Array [
        Object {
          "creator": 1,
          "date": 2020-05-20T16:30:00.000Z,
          "id": 2,
          "site": 1,
          "specialty": 3,
        },
        Object {
          "creator": 7,
          "date": 2020-03-15T18:00:00.000Z,
          "id": 5,
          "site": 1,
          "specialty": 2,
        },
      ],
      "password": "7777",
      "picture": null,
      "sex": 1,
      "surname": "Ricci",
    },
    Object {
      "email": "giorgia.esposito@linuxsystems.it",
      "id": 9,
      "name": "Giorgia",
      "partecipatedMatches": Array [
        Object {
          "creator": 1,
          "date": 2020-05-20T16:30:00.000Z,
          "id": 2,
          "site": 1,
          "specialty": 3,
        },
        Object {
          "creator": 10,
          "date": 2020-05-19T14:00:00.000Z,
          "id": 4,
          "site": 2,
          "specialty": 3,
        },
        Object {
          "creator": 7,
          "date": 2020-03-15T18:00:00.000Z,
          "id": 5,
          "site": 1,
          "specialty": 2,
        },
      ],
      "password": "9999",
      "picture": null,
      "sex": 1,
      "surname": "Esposito",
    },
  ],
  Array [
    Object {
      "email": "niccolo.belli@linuxsystems.it",
      "id": 1,
      "name": "Niccolò",
      "partecipatedMatches": Array [
        Object {
          "creator": 1,
          "date": 2020-03-12T18:00:00.000Z,
          "id": 1,
          "site": 1,
          "specialty": 1,
        },
        Object {
          "creator": 1,
          "date": 2020-05-20T16:30:00.000Z,
          "id": 2,
          "site": 1,
          "specialty": 3,
        },
        Object {
          "creator": 1,
          "date": 2020-03-15T18:00:00.000Z,
          "id": 3,
          "site": 1,
          "specialty": 1,
        },
      ],
      "password": "1111",
      "picture": null,
      "sex": 0,
      "surname": "Belli",
    },
    Object {
      "email": "mario.rossi@linuxsystems.it",
      "id": 2,
      "name": "Mario",
      "partecipatedMatches": Array [
        Object {
          "creator": 1,
          "date": 2020-03-12T18:00:00.000Z,
          "id": 1,
          "site": 1,
          "specialty": 1,
        },
        Object {
          "creator": 1,
          "date": 2020-03-15T18:00:00.000Z,
          "id": 3,
          "site": 1,
          "specialty": 1,
        },
      ],
      "password": "2222",
      "picture": null,
      "sex": 0,
      "surname": "Rossi",
    },
    Object {
      "email": "mattia.ferrari@linuxsystems.it",
      "id": 4,
      "name": "Mattia",
      "partecipatedMatches": Array [
        Object {
          "creator": 1,
          "date": 2020-03-12T18:00:00.000Z,
          "id": 1,
          "site": 1,
          "specialty": 1,
        },
        Object {
          "creator": 1,
          "date": 2020-05-20T16:30:00.000Z,
          "id": 2,
          "site": 1,
          "specialty": 3,
        },
        Object {
          "creator": 10,
          "date": 2020-05-19T14:00:00.000Z,
          "id": 4,
          "site": 2,
          "specialty": 3,
        },
        Object {
          "creator": 1,
          "date": 2020-03-15T18:00:00.000Z,
          "id": 3,
          "site": 1,
          "specialty": 1,
        },
      ],
      "password": "4444",
      "picture": null,
      "sex": 0,
      "surname": "Ferrari",
    },
    Object {
      "email": "luigi.bianchi@linuxsystems.it",
      "id": 3,
      "name": "Luigi",
      "partecipatedMatches": Array [
        Object {
          "creator": 1,
          "date": 2020-03-15T18:00:00.000Z,
          "id": 3,
          "site": 1,
          "specialty": 1,
        },
      ],
      "password": "3333",
      "picture": null,
      "sex": 0,
      "surname": "Bianchi",
    },
  ],
  Array [
    Object {
      "email": "mattia.ferrari@linuxsystems.it",
      "id": 4,
      "name": "Mattia",
      "partecipatedMatches": Array [
        Object {
          "creator": 1,
          "date": 2020-03-12T18:00:00.000Z,
          "id": 1,
          "site": 1,
          "specialty": 1,
        },
        Object {
          "creator": 1,
          "date": 2020-05-20T16:30:00.000Z,
          "id": 2,
          "site": 1,
          "specialty": 3,
        },
        Object {
          "creator": 10,
          "date": 2020-05-19T14:00:00.000Z,
          "id": 4,
          "site": 2,
          "specialty": 3,
        },
        Object {
          "creator": 1,
          "date": 2020-03-15T18:00:00.000Z,
          "id": 3,
          "site": 1,
          "specialty": 1,
        },
      ],
      "password": "4444",
      "picture": null,
      "sex": 0,
      "surname": "Ferrari",
    },
    Object {
      "email": "filippo.magi@linuxsystems.it",
      "id": 6,
      "name": "Filippo",
      "partecipatedMatches": Array [
        Object {
          "creator": 1,
          "date": 2020-03-12T18:00:00.000Z,
          "id": 1,
          "site": 1,
          "specialty": 1,
        },
        Object {
          "creator": 10,
          "date": 2020-05-19T14:00:00.000Z,
          "id": 4,
          "site": 2,
          "specialty": 3,
        },
      ],
      "password": "6666",
      "picture": null,
      "sex": 0,
      "surname": "Magi",
    },
    Object {
      "email": "giorgia.esposito@linuxsystems.it",
      "id": 9,
      "name": "Giorgia",
      "partecipatedMatches": Array [
        Object {
          "creator": 1,
          "date": 2020-05-20T16:30:00.000Z,
          "id": 2,
          "site": 1,
          "specialty": 3,
        },
        Object {
          "creator": 10,
          "date": 2020-05-19T14:00:00.000Z,
          "id": 4,
          "site": 2,
          "specialty": 3,
        },
        Object {
          "creator": 7,
          "date": 2020-03-15T18:00:00.000Z,
          "id": 5,
          "site": 1,
          "specialty": 2,
        },
      ],
      "password": "9999",
      "picture": null,
      "sex": 1,
      "surname": "Esposito",
    },
    Object {
      "email": "claudia.recanatini@linuxsystems.it",
      "id": 10,
      "name": "Claudia",
      "partecipatedMatches": Array [
        Object {
          "creator": 10,
          "date": 2020-05-19T14:00:00.000Z,
          "id": 4,
          "site": 2,
          "specialty": 3,
        },
        Object {
          "creator": 7,
          "date": 2020-03-15T18:00:00.000Z,
          "id": 5,
          "site": 1,
          "specialty": 2,
        },
      ],
      "password": "0000",
      "picture": null,
      "sex": 1,
      "surname": "Recanatini",
    },
  ],
  Array [
    Object {
      "email": "sara.ricci@linuxsystems.it",
      "id": 7,
      "name": "Sara",
      "partecipatedMatches": Array [
        Object {
          "creator": 1,
          "date": 2020-05-20T16:30:00.000Z,
          "id": 2,
          "site": 1,
          "specialty": 3,
        },
        Object {
          "creator": 7,
          "date": 2020-03-15T18:00:00.000Z,
          "id": 5,
          "site": 1,
          "specialty": 2,
        },
      ],
      "password": "7777",
      "picture": null,
      "sex": 1,
      "surname": "Ricci",
    },
    Object {
      "email": "giorgia.esposito@linuxsystems.it",
      "id": 9,
      "name": "Giorgia",
      "partecipatedMatches": Array [
        Object {
          "creator": 1,
          "date": 2020-05-20T16:30:00.000Z,
          "id": 2,
          "site": 1,
          "specialty": 3,
        },
        Object {
          "creator": 10,
          "date": 2020-05-19T14:00:00.000Z,
          "id": 4,
          "site": 2,
          "specialty": 3,
        },
        Object {
          "creator": 7,
          "date": 2020-03-15T18:00:00.000Z,
          "id": 5,
          "site": 1,
          "specialty": 2,
        },
      ],
      "password": "9999",
      "picture": null,
      "sex": 1,
      "surname": "Esposito",
    },
    Object {
      "email": "claudia.recanatini@linuxsystems.it",
      "id": 10,
      "name": "Claudia",
      "partecipatedMatches": Array [
        Object {
          "creator": 10,
          "date": 2020-05-19T14:00:00.000Z,
          "id": 4,
          "site": 2,
          "specialty": 3,
        },
        Object {
          "creator": 7,
          "date": 2020-03-15T18:00:00.000Z,
          "id": 5,
          "site": 1,
          "specialty": 2,
        },
      ],
      "password": "0000",
      "picture": null,
      "sex": 1,
      "surname": "Recanatini",
    },
    Object {
      "email": "lucia.fontana@linuxsystems.it",
      "id": 8,
      "name": "Lucia",
      "partecipatedMatches": Array [
        Object {
          "creator": 7,
          "date": 2020-03-15T18:00:00.000Z,
          "id": 5,
          "site": 1,
          "specialty": 2,
        },
      ],
      "password": "8888",
      "picture": null,
      "sex": 1,
      "surname": "Fontana",
    },
  ],
]
`;

exports[`Backend should retrieve parallel find queries with conditions on reference fields with EntityDataLoader 1`] = `
Array [
  Array [
    Object {
      "creator": 1,
      "date": 2020-03-12T18:00:00.000Z,
      "id": 1,
      "site": Object {
        "id": 1,
        "name": "The Beach",
        "position": "Falconara Marittima",
      },
      "specialty": Object {
        "females": 0,
        "id": 1,
        "males": 4,
        "name": "2x2 Male",
        "sport": 1,
      },
    },
    Object {
      "creator": 1,
      "date": 2020-03-15T18:00:00.000Z,
      "id": 3,
      "site": Object {
        "id": 1,
        "name": "The Beach",
        "position": "Falconara Marittima",
      },
      "specialty": Object {
        "females": 0,
        "id": 1,
        "males": 4,
        "name": "2x2 Male",
        "sport": 1,
      },
    },
  ],
  Array [],
  Array [
    Object {
      "creator": 1,
      "date": 2020-03-12T18:00:00.000Z,
      "id": 1,
      "site": Object {
        "id": 1,
        "name": "The Beach",
        "position": "Falconara Marittima",
      },
      "specialty": Object {
        "females": 0,
        "id": 1,
        "males": 4,
        "name": "2x2 Male",
        "sport": 1,
      },
    },
    Object {
      "creator": 1,
      "date": 2020-03-15T18:00:00.000Z,
      "id": 3,
      "site": Object {
        "id": 1,
        "name": "The Beach",
        "position": "Falconara Marittima",
      },
      "specialty": Object {
        "females": 0,
        "id": 1,
        "males": 4,
        "name": "2x2 Male",
        "sport": 1,
      },
    },
  ],
  Array [
    Object {
      "creator": 1,
      "date": 2020-03-12T18:00:00.000Z,
      "id": 1,
      "site": Object {
        "id": 1,
        "name": "The Beach",
        "position": "Falconara Marittima",
      },
      "specialty": Object {
        "females": 0,
        "id": 1,
        "males": 4,
        "name": "2x2 Male",
        "sport": 1,
      },
    },
    Object {
      "creator": 7,
      "date": 2020-03-15T18:00:00.000Z,
      "id": 5,
      "site": Object {
        "id": 1,
        "name": "The Beach",
        "position": "Falconara Marittima",
      },
      "specialty": Object {
        "females": 4,
        "id": 2,
        "males": 0,
        "name": "2x2 Female",
        "sport": 1,
      },
    },
    Object {
      "creator": 1,
      "date": 2020-03-15T18:00:00.000Z,
      "id": 3,
      "site": Object {
        "id": 1,
        "name": "The Beach",
        "position": "Falconara Marittima",
      },
      "specialty": Object {
        "females": 0,
        "id": 1,
        "males": 4,
        "name": "2x2 Male",
        "sport": 1,
      },
    },
  ],
  Array [
    Object {
      "creator": 1,
      "date": 2020-05-20T16:30:00.000Z,
      "id": 2,
      "site": Object {
        "id": 1,
        "name": "The Beach",
        "position": "Falconara Marittima",
      },
      "specialty": Object {
        "females": 2,
        "id": 3,
        "males": 2,
        "name": "2x2 Mixed",
        "sport": 1,
      },
    },
  ],
  Array [
    Object {
      "creator": 1,
      "date": 2020-03-12T18:00:00.000Z,
      "id": 1,
      "site": Object {
        "id": 1,
        "name": "The Beach",
        "position": "Falconara Marittima",
      },
      "specialty": Object {
        "females": 0,
        "id": 1,
        "males": 4,
        "name": "2x2 Male",
        "sport": 1,
      },
    },
    Object {
      "creator": 1,
      "date": 2020-05-20T16:30:00.000Z,
      "id": 2,
      "site": Object {
        "id": 1,
        "name": "The Beach",
        "position": "Falconara Marittima",
      },
      "specialty": Object {
        "females": 2,
        "id": 3,
        "males": 2,
        "name": "2x2 Mixed",
        "sport": 1,
      },
    },
    Object {
      "creator": 7,
      "date": 2020-03-15T18:00:00.000Z,
      "id": 5,
      "site": Object {
        "id": 1,
        "name": "The Beach",
        "position": "Falconara Marittima",
      },
      "specialty": Object {
        "females": 4,
        "id": 2,
        "males": 0,
        "name": "2x2 Female",
        "sport": 1,
      },
    },
    Object {
      "creator": 1,
      "date": 2020-03-15T18:00:00.000Z,
      "id": 3,
      "site": Object {
        "id": 1,
        "name": "The Beach",
        "position": "Falconara Marittima",
      },
      "specialty": Object {
        "females": 0,
        "id": 1,
        "males": 4,
        "name": "2x2 Male",
        "sport": 1,
      },
    },
  ],
]
`;
